
tsdif timeseries comparison result

Compared timeseries: ts1 and ts2

Names of timeseries with differences (alphabetical):
 [1] "a" "b" "c" "d" "e" "f" "g" "h" "i" "j" "k" "l"

Maximum differences timeseries in decreasing order:

  period value1 value2 maxdif
c 2016Q3     NA     82     NA
f 2017Q4     68     NA     NA
l 2018Q4    144    433   -289
k 2018Q4    132    397   -265
j 2018Q4    120    361   -241
i 2018Q4    108    325   -217
h 2018Q4     96    289   -193
g 2018Q4     84    253   -169
e 2018Q4     60    181   -121
d 2018Q4     48    145    -97
[ reached getOption("regts_max_maxdif") -- omitted  2 differences ]

Timeseries with largest difference (c):

     Qtr1 Qtr2 Qtr3 Qtr4
2016  -51  -53   NA  -57
2017  -59  -61  -63  -65
2018  -67  -69  -71  -73
