
tsdif timeseries comparison result

Compared timeseries: ts1 and ts2

Names of timeseries with differences (alphabetical):
 [1] "a" "b" "c" "d" "e" "f" "g" "h" "i" "j"
[ reached getOption("regts_max_difnames") -- omitted  2 names ]

Maximum differences timeseries in decreasing order:

  period maxdif
c 2016Q3     NA
f 2017Q4     NA
l 2018Q4   -289
k 2018Q4   -265
j 2018Q4   -241
i 2018Q4   -217
h 2018Q4   -193
g 2018Q4   -169
e 2018Q4   -121
d 2018Q4    -97
b 2018Q4    -49
a 2018Q4    -25

Timeseries with largest difference (c):

     Qtr1 Qtr2 Qtr3 Qtr4
2016  -51  -53   NA  -57
2017  -59  -61  -63  -65
2018  -67  -69  -71  -73
